******************************************************************************
               TMS320C6x Linker PC v8.3.6                      
******************************************************************************
>> Linked Mon Apr  5 14:02:41 2021

OUTPUT FILE NAME:   <Lab7 - IIR out.out>
ENTRY POINT SYMBOL: "_c_int00"  address: 11801840


MEMORY CONFIGURATION

         name            origin    length      used     unused   attr    fill
----------------------  --------  ---------  --------  --------  ----  --------
  VECTORS               11800000   00000200  00000200  00000000  RWIX
  DSPRAM                11800200   0003fe00  00001cf8  0003e108  RWIX
  SHAREDRAM             80000000   00020000  00000000  00020000  RWIX
  SDRAM                 c0000000   08000000  00000000  08000000  RWIX


SEGMENT ALLOCATION MAP

run origin  load origin   length   init length attrs members
----------  ----------- ---------- ----------- ----- -------
11800000    11800000    000019e0   000019e0    r-x
  11800000    11800000    00000200   00000200    r-x vectors
  11800200    11800200    000017e0   000017e0    r-x .text
118019e0    118019e0    00000468   00000000    rw-
  118019e0    118019e0    00000400   00000000    rw- .stack
  11801de0    11801de0    00000068   00000000    rw- .fardata
11801e48    11801e48    00000018   00000018    r--
  11801e48    11801e48    00000018   00000018    r-- .switch
11801e60    11801e60    00000018   00000000    rw-
  11801e60    11801e60    0000000c   00000000    rw- .bss
  11801e6c    11801e6c    00000008   00000000    rw- .far
  11801e74    11801e74    00000004   00000000    rw- .neardata
11801e78    11801e78    00000080   00000080    r--
  11801e78    11801e78    00000080   00000080    r-- .cinit


SECTION ALLOCATION MAP

 output                                  attributes/
section   page    origin      length       input sections
--------  ----  ----------  ----------   ----------------
vectors    0    11800000    00000200     
                  11800000    00000200     vectors.obj (vectors)

.fardata   0    11801de0    00000068     UNINITIALIZED
                  11801de0    00000018     IIR_ISRs.obj (.fardata:xLeft)
                  11801df8    00000018     IIR_ISRs.obj (.fardata:xRight)
                  11801e10    00000014     IIR4th.obj (.fardata:A)
                  11801e24    00000004     --HOLE--
                  11801e28    00000014     IIR4th.obj (.fardata:B)
                  11801e3c    0000000c     rts6740_elf.lib : exit.c.obj (.fardata)

.neardata 
*          0    11801e74    00000004     UNINITIALIZED
                  11801e74    00000004     LCDK_Support_DSP.obj (.neardata)

.bss       0    11801e60    0000000c     UNINITIALIZED
                  11801e60    00000004     (.common:i)
                  11801e64    00000004     (.common:yLeft)
                  11801e68    00000004     (.common:yRight)

.cinit     0    11801e78    00000080     
                  11801e78    00000039     (.cinit..fardata.load) [load image, compression = rle]
                  11801eb1    00000009     (.cinit..bss.load) [load image, compression = rle]
                  11801eba    00000009     (.cinit..far.load) [load image, compression = rle]
                  11801ec3    00000009     (.cinit..neardata.load) [load image, compression = rle]
                  11801ecc    00000008     (__TI_handler_table)
                  11801ed4    00000004     --HOLE-- [fill = 0]
                  11801ed8    00000020     (__TI_cinit_table)

.stack     0    118019e0    00000400     UNINITIALIZED
                  118019e0    00000008     rts6740_elf.lib : boot.c.obj (.stack)
                  118019e8    000003f8     --HOLE--

.text      0    11800200    000017e0     
                  11800200    00000de0     LCDK_Support_DSP.obj (.text)
                  11800fe0    000002c0     IIR_ISRs.obj (.text:retain)
                  118012a0    00000100     rts6740_elf.lib : copy_decompress_rle.c.obj (.text:__TI_decompress_rle_core)
                  118013a0    000000e0                     : exit.c.obj (.text:exit)
                  11801480    000000e0                     : memset.c.obj (.text:memset)
                  11801560    000000c0                     : autoinit.c.obj (.text:__TI_auto_init_nobinit_nopinit:__TI_auto_init_nobinit_nopinit)
                  11801620    000000c0                     : divu.asm.obj (.text:__divu)
                  118016e0    000000c0                     : tls.c.obj (.text:tls:init:__TI_tls_init)
                  118017a0    000000a0                     : memcpy64.asm.obj (.text:memcpy)
                  11801840    00000080                     : boot.c.obj (.text:_c_int00)
                  118018c0    00000040                     : args_main.c.obj (.text:_args_main)
                  11801900    00000020     StartUp.obj (.text)
                  11801920    00000020     rts6740_elf.lib : startup.c.obj (.text:_system_post_cinit)
                  11801940    00000020                     : pre_init.c.obj (.text:_system_pre_init)
                  11801960    00000020                     : exit.c.obj (.text:abort)
                  11801980    00000020                     : copy_decompress_none.c.obj (.text:decompress:none:__TI_decompress_none)
                  118019a0    00000020                     : copy_decompress_rle.c.obj (.text:decompress:rle24:__TI_decompress_rle24)
                  118019c0    00000020     main.obj (.text)

.switch    0    11801e48    00000018     
                  11801e48    00000018     LCDK_Support_DSP.obj (.switch:SetSampleRate_AIC3106)

.far       0    11801e6c    00000008     UNINITIALIZED
                  11801e6c    00000004     (.common:CodecDataIn)
                  11801e70    00000004     (.common:CodecDataOut)

MODULE SUMMARY

       Module                       code   ro data   rw data
       ------                       ----   -------   -------
    .\
       LCDK_Support_DSP.obj         3552   24        4      
       IIR_ISRs.obj                 704    0         68     
       vectors.obj                  512    0         0      
       IIR4th.obj                   0      0         40     
       StartUp.obj                  32     0         0      
       main.obj                     32     0         0      
    +--+----------------------------+------+---------+---------+
       Total:                       4832   24        112    
                                                            
    C:/ti/ccs1010/ccs/tools/compiler/ti-cgt-c6000_8.3.6/lib/rts6740_elf.lib
       copy_decompress_rle.c.obj    288    0         0      
       exit.c.obj                   256    0         12     
       memset.c.obj                 224    0         0      
       autoinit.c.obj               192    0         0      
       divu.asm.obj                 192    0         0      
       tls.c.obj                    192    0         0      
       memcpy64.asm.obj             160    0         0      
       boot.c.obj                   128    0         0      
       args_main.c.obj              64     0         0      
       copy_decompress_none.c.obj   32     0         0      
       pre_init.c.obj               32     0         0      
       startup.c.obj                32     0         0      
    +--+----------------------------+------+---------+---------+
       Total:                       1792   0         12     
                                                            
       Stack:                       0      0         1024   
       Linker Generated:            0      124       0      
    +--+----------------------------+------+---------+---------+
       Grand Total:                 6624   148       1148   


LINKER GENERATED COPY TABLES

__TI_cinit_table @ 11801ed8 records: 4, size/record: 8, table size: 32
	.fardata: load addr=11801e78, load size=00000039 bytes, run addr=11801de0, run size=00000068 bytes, compression=rle
	.bss: load addr=11801eb1, load size=00000009 bytes, run addr=11801e60, run size=0000000c bytes, compression=rle
	.far: load addr=11801eba, load size=00000009 bytes, run addr=11801e6c, run size=00000008 bytes, compression=rle
	.neardata: load addr=11801ec3, load size=00000009 bytes, run addr=11801e74, run size=00000004 bytes, compression=rle


LINKER GENERATED HANDLER TABLE

__TI_handler_table @ 11801ecc records: 2, size/record: 4, table size: 8
	index: 0, handler: __TI_decompress_rle24
	index: 1, handler: __TI_decompress_none


GLOBAL SYMBOLS: SORTED ALPHABETICALLY BY Name 

address   name                           
-------   ----                           
11801e10  A                              
118008f8  AIC3106_write_reg              
11801e28  B                              
11801960  C$$EXIT                        
11800694  CheckForOverrun                
11801e6c  CodecDataIn                    
11801e70  CodecDataOut                   
11800fe0  Codec_ISR                      
1180020c  DSP_Init                       
1180022c  DSP_Init_EDMA                  
1180042c  EnableInterrupts               
11800484  EnableInterrupts_EDMA          
11800200  GetSampleFreq                  
118003c4  InitDigitalOutputs             
1180024c  InitLEDs                       
118006c0  Init_AIC3106                   
118004f4  Init_I2C                       
118003f0  Init_Interrupts                
1180046c  Init_Interrupts_EDMA           
11800ab4  Init_McASP0                    
11800e34  Init_UART2                     
11800f70  IsDataReady_UART2              
11800fa0  IsTxReady_UART2                
11800f0c  Puts_UART2                     
1180064c  ReadCodecData                  
118003a8  ReadSwitches                   
11800f4c  Read_UART2                     
11800938  Reset_AIC3106                  
11800544  Reset_I2C                      
11800964  SetSampleRate_AIC3106          
11801900  StartUp                        
1180066c  WriteCodecData                 
118003d0  WriteDigitalOutputs            
118002c0  WriteLEDs                      
11800568  Write_I2C                      
11800ee0  Write_UART2                    
11801ed8  __TI_CINIT_Base                
11801ef8  __TI_CINIT_Limit               
11801ecc  __TI_Handler_Table_Base        
11801ed4  __TI_Handler_Table_Limit       
11801de0  __TI_STACK_END                 
00000400  __TI_STACK_SIZE                
11801e60  __TI_STATIC_BASE               
UNDEFED   __TI_TLS_INIT_Base             
UNDEFED   __TI_TLS_INIT_Limit            
11801560  __TI_auto_init_nobinit_nopinit 
11801e3c  __TI_cleanup_ptr               
11801980  __TI_decompress_none           
118019a0  __TI_decompress_rle24          
11801e40  __TI_dtors_ptr                 
11801e44  __TI_enable_exit_profile_output
ffffffff  __TI_pprof_out_hndl            
ffffffff  __TI_prof_data_size            
ffffffff  __TI_prof_data_start           
118016e0  __TI_tls_init                  
ffffffff  __binit__                      
11801620  __c6xabi_divu                  
ffffffff  __c_args__                     
11801620  __divu                         
118018c0  _args_main                     
11801840  _c_int00                       
118019e0  _stack                         
11801920  _system_post_cinit             
11801940  _system_pre_init               
11801960  abort                          
ffffffff  binit                          
118013a0  exit                           
11801e60  i                              
118019c0  main                           
118017a0  memcpy                         
11801480  memset                         
118004c4  wait                           
11801de0  xLeft                          
11801df8  xRight                         
11801e64  yLeft                          
11801e68  yRight                         


GLOBAL SYMBOLS: SORTED BY Symbol Address 

address   name                           
-------   ----                           
00000400  __TI_STACK_SIZE                
11800200  GetSampleFreq                  
1180020c  DSP_Init                       
1180022c  DSP_Init_EDMA                  
1180024c  InitLEDs                       
118002c0  WriteLEDs                      
118003a8  ReadSwitches                   
118003c4  InitDigitalOutputs             
118003d0  WriteDigitalOutputs            
118003f0  Init_Interrupts                
1180042c  EnableInterrupts               
1180046c  Init_Interrupts_EDMA           
11800484  EnableInterrupts_EDMA          
118004c4  wait                           
118004f4  Init_I2C                       
11800544  Reset_I2C                      
11800568  Write_I2C                      
1180064c  ReadCodecData                  
1180066c  WriteCodecData                 
11800694  CheckForOverrun                
118006c0  Init_AIC3106                   
118008f8  AIC3106_write_reg              
11800938  Reset_AIC3106                  
11800964  SetSampleRate_AIC3106          
11800ab4  Init_McASP0                    
11800e34  Init_UART2                     
11800ee0  Write_UART2                    
11800f0c  Puts_UART2                     
11800f4c  Read_UART2                     
11800f70  IsDataReady_UART2              
11800fa0  IsTxReady_UART2                
11800fe0  Codec_ISR                      
118013a0  exit                           
11801480  memset                         
11801560  __TI_auto_init_nobinit_nopinit 
11801620  __c6xabi_divu                  
11801620  __divu                         
118016e0  __TI_tls_init                  
118017a0  memcpy                         
11801840  _c_int00                       
118018c0  _args_main                     
11801900  StartUp                        
11801920  _system_post_cinit             
11801940  _system_pre_init               
11801960  C$$EXIT                        
11801960  abort                          
11801980  __TI_decompress_none           
118019a0  __TI_decompress_rle24          
118019c0  main                           
118019e0  _stack                         
11801de0  __TI_STACK_END                 
11801de0  xLeft                          
11801df8  xRight                         
11801e10  A                              
11801e28  B                              
11801e3c  __TI_cleanup_ptr               
11801e40  __TI_dtors_ptr                 
11801e44  __TI_enable_exit_profile_output
11801e60  __TI_STATIC_BASE               
11801e60  i                              
11801e64  yLeft                          
11801e68  yRight                         
11801e6c  CodecDataIn                    
11801e70  CodecDataOut                   
11801ecc  __TI_Handler_Table_Base        
11801ed4  __TI_Handler_Table_Limit       
11801ed8  __TI_CINIT_Base                
11801ef8  __TI_CINIT_Limit               
ffffffff  __TI_pprof_out_hndl            
ffffffff  __TI_prof_data_size            
ffffffff  __TI_prof_data_start           
ffffffff  __binit__                      
ffffffff  __c_args__                     
ffffffff  binit                          
UNDEFED   __TI_TLS_INIT_Base             
UNDEFED   __TI_TLS_INIT_Limit            

[76 symbols]
