******************************************************************************
               TMS320C6x Linker PC v8.3.8                      
******************************************************************************
>> Linked Fri Apr 23 14:25:31 2021

OUTPUT FILE NAME:   <Flanging Effect.out>
ENTRY POINT SYMBOL: "_c_int00"  address: 11801d00


MEMORY CONFIGURATION

         name            origin    length      used     unused   attr    fill
----------------------  --------  ---------  --------  --------  ----  --------
  VECTORS               11800000   00000200  00000200  00000000  RWIX
  DSPRAM                11800200   0003fe00  00002234  0003dbcc  RWIX
  SHAREDRAM             80000000   00020000  00000000  00020000  RWIX
  SDRAM                 c0000000   08000000  00000300  07fffd00  RWIX


SEGMENT ALLOCATION MAP

run origin  load origin   length   init length attrs members
----------  ----------- ---------- ----------- ----- -------
11800000    11800000    00001ec0   00001ec0    r-x
  11800000    11800000    00000200   00000200    r-x vectors
  11800200    11800200    00001cc0   00001cc0    r-x .text
11801ec0    11801ec0    0000049c   00000000    rw-
  11801ec0    11801ec0    00000400   00000000    rw- .stack
  118022c0    118022c0    0000004c   00000000    rw- .far
  11802310    11802310    0000004c   00000000    rw- .fardata
1180235c    1180235c    00000018   00000018    r--
  1180235c    1180235c    00000018   00000018    r-- .switch
11802374    11802374    0000001c   00000000    rw-
  11802374    11802374    00000010   00000000    rw- .neardata
  11802384    11802384    0000000c   00000000    rw- .bss
11802390    11802390    000000a8   000000a8    r--
  11802390    11802390    000000a8   000000a8    r-- .cinit
c0000000    c0000000    00000300   00000000    rw-
  c0000000    c0000000    00000300   00000000    rw- CE0


SECTION ALLOCATION MAP

 output                                  attributes/
section   page    origin      length       input sections
--------  ----  ----------  ----------   ----------------
vectors    0    11800000    00000200     
                  11800000    00000200     vectors.obj (vectors)

.far       0    118022c0    0000004c     UNINITIALIZED
                  118022c0    00000044     (.common:B)
                  11802304    00000004     (.common:CodecDataIn)
                  11802308    00000004     (.common:CodecDataOut)

.fardata   0    11802310    0000004c     UNINITIALIZED
                  11802310    00000040     rts6740_elf.lib : cos.c.obj (.fardata:R$1)
                  11802350    0000000c                     : exit.c.obj (.fardata)

.neardata 
*          0    11802374    00000010     UNINITIALIZED
                  11802374    0000000c     ISRs_B.obj (.neardata)
                  11802380    00000004     LCDK_Support_DSP.obj (.neardata)

.bss       0    11802384    0000000c     UNINITIALIZED
                  11802384    00000004     (.common:xLeft)
                  11802388    00000004     (.common:xRight)
                  1180238c    00000004     (.common:yLeft)

.cinit     0    11802390    000000a8     
                  11802390    00000049     (.cinit..fardata.load) [load image, compression = rle]
                  118023d9    00000012     (.cinit..neardata.load) [load image, compression = rle]
                  118023eb    0000000b     (.cinit.CE0.load) [load image, compression = rle]
                  118023f6    00000009     (.cinit..bss.load) [load image, compression = rle]
                  118023ff    00000009     (.cinit..far.load) [load image, compression = rle]
                  11802408    00000008     (__TI_handler_table)
                  11802410    00000028     (__TI_cinit_table)

.stack     0    11801ec0    00000400     UNINITIALIZED
                  11801ec0    00000008     rts6740_elf.lib : boot.c.obj (.stack)
                  11801ec8    000003f8     --HOLE--

.text      0    11800200    00001cc0     
                  11800200    00000de0     LCDK_Support_DSP.obj (.text)
                  11800fe0    00000320     rts6740_elf.lib : cos.c.obj (.text:cos)
                  11801300    00000220     ISRs_B.obj (.text:retain)
                  11801520    00000100     rts6740_elf.lib : copy_decompress_rle.c.obj (.text:__TI_decompress_rle_core)
                  11801620    000000e0     ISRs_B.obj (.text)
                  11801700    000000e0     rts6740_elf.lib : exit.c.obj (.text:exit)
                  118017e0    000000e0                     : memset.c.obj (.text:memset)
                  118018c0    000000c0                     : autoinit.c.obj (.text:__TI_auto_init_nobinit_nopinit:__TI_auto_init_nobinit_nopinit)
                  11801980    000000c0                     : divu.asm.obj (.text:__divu)
                  11801a40    000000c0                     : modf.c.obj (.text:modf)
                  11801b00    000000c0                     : tls.c.obj (.text:tls:init:__TI_tls_init)
                  11801bc0    000000a0                     : round.c.obj (.text:__c6xabi_nround)
                  11801c60    000000a0                     : memcpy64.asm.obj (.text:memcpy)
                  11801d00    00000080                     : boot.c.obj (.text:_c_int00)
                  11801d80    00000040                     : args_main.c.obj (.text:_args_main)
                  11801dc0    00000020     StartUp.obj (.text)
                  11801de0    00000020     rts6740_elf.lib : trunc.c.obj (.text:__c6xabi_trunc)
                  11801e00    00000020                     : startup.c.obj (.text:_system_post_cinit)
                  11801e20    00000020                     : pre_init.c.obj (.text:_system_pre_init)
                  11801e40    00000020                     : exit.c.obj (.text:abort)
                  11801e60    00000020                     : copy_decompress_none.c.obj (.text:decompress:none:__TI_decompress_none)
                  11801e80    00000020                     : copy_decompress_rle.c.obj (.text:decompress:rle24:__TI_decompress_rle24)
                  11801ea0    00000020     main.obj (.text)

.switch    0    1180235c    00000018     
                  1180235c    00000018     LCDK_Support_DSP.obj (.switch:SetSampleRate_AIC3106)

CE0        0    c0000000    00000300     UNINITIALIZED
                  c0000000    00000300     ISRs_B.obj (CE0)

MODULE SUMMARY

       Module                       code   ro data   rw data
       ------                       ----   -------   -------
    .\
       LCDK_Support_DSP.obj         3552   24        4      
       ISRs_B.obj                   768    0         868    
       vectors.obj                  512    0         0      
       StartUp.obj                  32     0         0      
       main.obj                     32     0         0      
    +--+----------------------------+------+---------+---------+
       Total:                       4896   24        872    
                                                            
    C:/ti/ccs1020/ccs/tools/compiler/ti-cgt-c6000_8.3.8/lib/rts6740_elf.lib
       cos.c.obj                    800    0         64     
       copy_decompress_rle.c.obj    288    0         0      
       exit.c.obj                   256    0         12     
       memset.c.obj                 224    0         0      
       autoinit.c.obj               192    0         0      
       divu.asm.obj                 192    0         0      
       modf.c.obj                   192    0         0      
       tls.c.obj                    192    0         0      
       memcpy64.asm.obj             160    0         0      
       round.c.obj                  160    0         0      
       boot.c.obj                   128    0         0      
       args_main.c.obj              64     0         0      
       copy_decompress_none.c.obj   32     0         0      
       pre_init.c.obj               32     0         0      
       startup.c.obj                32     0         0      
       trunc.c.obj                  32     0         0      
    +--+----------------------------+------+---------+---------+
       Total:                       2976   0         76     
                                                            
       Stack:                       0      0         1024   
       Linker Generated:            0      168       0      
    +--+----------------------------+------+---------+---------+
       Grand Total:                 7872   192       1972   


LINKER GENERATED COPY TABLES

__TI_cinit_table @ 11802410 records: 5, size/record: 8, table size: 40
	.fardata: load addr=11802390, load size=00000049 bytes, run addr=11802310, run size=0000004c bytes, compression=rle
	.neardata: load addr=118023d9, load size=00000012 bytes, run addr=11802374, run size=00000010 bytes, compression=rle
	CE0: load addr=118023eb, load size=0000000b bytes, run addr=c0000000, run size=00000300 bytes, compression=rle
	.bss: load addr=118023f6, load size=00000009 bytes, run addr=11802384, run size=0000000c bytes, compression=rle
	.far: load addr=118023ff, load size=00000009 bytes, run addr=118022c0, run size=0000004c bytes, compression=rle


LINKER GENERATED HANDLER TABLE

__TI_handler_table @ 11802408 records: 2, size/record: 4, table size: 8
	index: 0, handler: __TI_decompress_rle24
	index: 1, handler: __TI_decompress_none


GLOBAL SYMBOLS: SORTED ALPHABETICALLY BY Name 

address   name                           
-------   ----                           
118008f8  AIC3106_write_reg              
118022c0  B                              
11801e40  C$$EXIT                        
11800694  CheckForOverrun                
11802304  CodecDataIn                    
11802308  CodecDataOut                   
11801300  Codec_ISR                      
1180020c  DSP_Init                       
1180022c  DSP_Init_EDMA                  
1180042c  EnableInterrupts               
11800484  EnableInterrupts_EDMA          
11801678  FillSineTable                  
11800200  GetSampleFreq                  
118003c4  InitDigitalOutputs             
1180024c  InitLEDs                       
118006c0  Init_AIC3106                   
118004f4  Init_I2C                       
118003f0  Init_Interrupts                
1180046c  Init_Interrupts_EDMA           
11800ab4  Init_McASP0                    
11800e34  Init_UART2                     
11800f70  IsDataReady_UART2              
11800fa0  IsTxReady_UART2                
11800f0c  Puts_UART2                     
1180064c  ReadCodecData                  
118003a8  ReadSwitches                   
11800f4c  Read_UART2                     
11800938  Reset_AIC3106                  
11800544  Reset_I2C                      
11800964  SetSampleRate_AIC3106          
11801dc0  StartUp                        
1180066c  WriteCodecData                 
118003d0  WriteDigitalOutputs            
118002c0  WriteLEDs                      
11800568  Write_I2C                      
11800ee0  Write_UART2                    
11801620  ZeroBuffer                     
11802410  __TI_CINIT_Base                
11802438  __TI_CINIT_Limit               
11802408  __TI_Handler_Table_Base        
11802410  __TI_Handler_Table_Limit       
118022c0  __TI_STACK_END                 
00000400  __TI_STACK_SIZE                
11802374  __TI_STATIC_BASE               
UNDEFED   __TI_TLS_INIT_Base             
UNDEFED   __TI_TLS_INIT_Limit            
118018c0  __TI_auto_init_nobinit_nopinit 
11802350  __TI_cleanup_ptr               
11801e60  __TI_decompress_none           
11801e80  __TI_decompress_rle24          
11802354  __TI_dtors_ptr                 
11802358  __TI_enable_exit_profile_output
ffffffff  __TI_pprof_out_hndl            
ffffffff  __TI_prof_data_size            
ffffffff  __TI_prof_data_start           
11801b00  __TI_tls_init                  
ffffffff  __binit__                      
11801980  __c6xabi_divu                  
11801bc0  __c6xabi_nround                
11801bc0  __c6xabi_roundl                
11801de0  __c6xabi_trunc                 
11801de0  __c6xabi_truncl                
ffffffff  __c_args__                     
11801980  __divu                         
11801d80  _args_main                     
11801d00  _c_int00                       
11801ec0  _stack                         
11801e00  _system_post_cinit             
11801e20  _system_pre_init               
11801e40  abort                          
ffffffff  binit                          
c0000000  buffer                         
11800fe0  cos                            
11800fe0  cosl                           
1180237c  desiredFreq                    
11801700  exit                           
11802378  gain                           
11801ea0  main                           
11801c60  memcpy                         
118017e0  memset                         
11801a40  modf                           
11801a40  modfl                          
11802374  oldest                         
118004c4  wait                           
11802384  xLeft                          
11802388  xRight                         
1180238c  yLeft                          


GLOBAL SYMBOLS: SORTED BY Symbol Address 

address   name                           
-------   ----                           
00000400  __TI_STACK_SIZE                
11800200  GetSampleFreq                  
1180020c  DSP_Init                       
1180022c  DSP_Init_EDMA                  
1180024c  InitLEDs                       
118002c0  WriteLEDs                      
118003a8  ReadSwitches                   
118003c4  InitDigitalOutputs             
118003d0  WriteDigitalOutputs            
118003f0  Init_Interrupts                
1180042c  EnableInterrupts               
1180046c  Init_Interrupts_EDMA           
11800484  EnableInterrupts_EDMA          
118004c4  wait                           
118004f4  Init_I2C                       
11800544  Reset_I2C                      
11800568  Write_I2C                      
1180064c  ReadCodecData                  
1180066c  WriteCodecData                 
11800694  CheckForOverrun                
118006c0  Init_AIC3106                   
118008f8  AIC3106_write_reg              
11800938  Reset_AIC3106                  
11800964  SetSampleRate_AIC3106          
11800ab4  Init_McASP0                    
11800e34  Init_UART2                     
11800ee0  Write_UART2                    
11800f0c  Puts_UART2                     
11800f4c  Read_UART2                     
11800f70  IsDataReady_UART2              
11800fa0  IsTxReady_UART2                
11800fe0  cos                            
11800fe0  cosl                           
11801300  Codec_ISR                      
11801620  ZeroBuffer                     
11801678  FillSineTable                  
11801700  exit                           
118017e0  memset                         
118018c0  __TI_auto_init_nobinit_nopinit 
11801980  __c6xabi_divu                  
11801980  __divu                         
11801a40  modf                           
11801a40  modfl                          
11801b00  __TI_tls_init                  
11801bc0  __c6xabi_nround                
11801bc0  __c6xabi_roundl                
11801c60  memcpy                         
11801d00  _c_int00                       
11801d80  _args_main                     
11801dc0  StartUp                        
11801de0  __c6xabi_trunc                 
11801de0  __c6xabi_truncl                
11801e00  _system_post_cinit             
11801e20  _system_pre_init               
11801e40  C$$EXIT                        
11801e40  abort                          
11801e60  __TI_decompress_none           
11801e80  __TI_decompress_rle24          
11801ea0  main                           
11801ec0  _stack                         
118022c0  B                              
118022c0  __TI_STACK_END                 
11802304  CodecDataIn                    
11802308  CodecDataOut                   
11802350  __TI_cleanup_ptr               
11802354  __TI_dtors_ptr                 
11802358  __TI_enable_exit_profile_output
11802374  __TI_STATIC_BASE               
11802374  oldest                         
11802378  gain                           
1180237c  desiredFreq                    
11802384  xLeft                          
11802388  xRight                         
1180238c  yLeft                          
11802408  __TI_Handler_Table_Base        
11802410  __TI_CINIT_Base                
11802410  __TI_Handler_Table_Limit       
11802438  __TI_CINIT_Limit               
c0000000  buffer                         
ffffffff  __TI_pprof_out_hndl            
ffffffff  __TI_prof_data_size            
ffffffff  __TI_prof_data_start           
ffffffff  __binit__                      
ffffffff  __c_args__                     
ffffffff  binit                          
UNDEFED   __TI_TLS_INIT_Base             
UNDEFED   __TI_TLS_INIT_Limit            

[87 symbols]
