******************************************************************************
               TMS320C6x Linker PC v8.3.8                      
******************************************************************************
>> Linked Fri Apr 23 13:31:03 2021

OUTPUT FILE NAME:   <Echo Effect.out>
ENTRY POINT SYMBOL: "_c_int00"  address: 118017c0


MEMORY CONFIGURATION

         name            origin    length      used     unused   attr    fill
----------------------  --------  ---------  --------  --------  ----  --------
  VECTORS               11800000   00000200  00000200  00000000  RWIX
  DSPRAM                11800200   0003fe00  00001c6c  0003e194  RWIX
  SHAREDRAM             80000000   00020000  00000000  00020000  RWIX
  SDRAM                 c0000000   08000000  00000780  07fff880  RWIX


SEGMENT ALLOCATION MAP

run origin  load origin   length   init length attrs members
----------  ----------- ---------- ----------- ----- -------
11800000    11800000    000019c0   000019c0    r-x
  11800000    11800000    00000200   00000200    r-x vectors
  11800200    11800200    000017c0   000017c0    r-x .text
118019c0    118019c0    00000400   00000000    rw-
  118019c0    118019c0    00000400   00000000    rw- .stack
11801dc0    11801dc0    00000018   00000018    r--
  11801dc0    11801dc0    00000018   00000018    r-- .switch
11801dd8    11801dd8    0000002c   00000000    rw-
  11801dd8    11801dd8    0000000c   00000000    rw- .bss
  11801de4    11801de4    0000000c   00000000    rw- .fardata
  11801df0    11801df0    0000000c   00000000    rw- .neardata
  11801dfc    11801dfc    00000008   00000000    rw- .far
11801e08    11801e08    00000068   00000068    r--
  11801e08    11801e08    00000068   00000068    r-- .cinit
c0000000    c0000000    00000780   00000000    rw-
  c0000000    c0000000    00000780   00000000    rw- CE0


SECTION ALLOCATION MAP

 output                                  attributes/
section   page    origin      length       input sections
--------  ----  ----------  ----------   ----------------
vectors    0    11800000    00000200     
                  11800000    00000200     vectors.obj (vectors)

.neardata 
*          0    11801df0    0000000c     UNINITIALIZED
                  11801df0    00000008     ISRs_B.obj (.neardata)
                  11801df8    00000004     LCDK_Support_DSP.obj (.neardata)

.bss       0    11801dd8    0000000c     UNINITIALIZED
                  11801dd8    00000004     (.common:xLeft)
                  11801ddc    00000004     (.common:xRight)
                  11801de0    00000004     (.common:yLeft)

.cinit     0    11801e08    00000068     
                  11801e08    0000000e     (.cinit..neardata.load) [load image, compression = rle]
                  11801e16    0000000d     (.cinit..fardata.load) [load image, compression = rle]
                  11801e23    0000000b     (.cinit.CE0.load) [load image, compression = rle]
                  11801e2e    00000009     (.cinit..bss.load) [load image, compression = rle]
                  11801e37    00000009     (.cinit..far.load) [load image, compression = rle]
                  11801e40    00000008     (__TI_handler_table)
                  11801e48    00000028     (__TI_cinit_table)

.stack     0    118019c0    00000400     UNINITIALIZED
                  118019c0    00000008     rts6740_elf.lib : boot.c.obj (.stack)
                  118019c8    000003f8     --HOLE--

.text      0    11800200    000017c0     
                  11800200    00000de0     LCDK_Support_DSP.obj (.text)
                  11800fe0    00000240     ISRs_B.obj (.text:retain)
                  11801220    00000100     rts6740_elf.lib : copy_decompress_rle.c.obj (.text:__TI_decompress_rle_core)
                  11801320    000000e0                     : exit.c.obj (.text:exit)
                  11801400    000000e0                     : memset.c.obj (.text:memset)
                  118014e0    000000c0                     : autoinit.c.obj (.text:__TI_auto_init_nobinit_nopinit:__TI_auto_init_nobinit_nopinit)
                  118015a0    000000c0                     : divu.asm.obj (.text:__divu)
                  11801660    000000c0                     : tls.c.obj (.text:tls:init:__TI_tls_init)
                  11801720    000000a0                     : memcpy64.asm.obj (.text:memcpy)
                  118017c0    00000080                     : boot.c.obj (.text:_c_int00)
                  11801840    00000060     ISRs_B.obj (.text)
                  118018a0    00000040     rts6740_elf.lib : args_main.c.obj (.text:_args_main)
                  118018e0    00000020     StartUp.obj (.text)
                  11801900    00000020     rts6740_elf.lib : startup.c.obj (.text:_system_post_cinit)
                  11801920    00000020                     : pre_init.c.obj (.text:_system_pre_init)
                  11801940    00000020                     : exit.c.obj (.text:abort)
                  11801960    00000020                     : copy_decompress_none.c.obj (.text:decompress:none:__TI_decompress_none)
                  11801980    00000020                     : copy_decompress_rle.c.obj (.text:decompress:rle24:__TI_decompress_rle24)
                  118019a0    00000020     main.obj (.text)

.switch    0    11801dc0    00000018     
                  11801dc0    00000018     LCDK_Support_DSP.obj (.switch:SetSampleRate_AIC3106)

.fardata   0    11801de4    0000000c     UNINITIALIZED
                  11801de4    0000000c     rts6740_elf.lib : exit.c.obj (.fardata)

.far       0    11801dfc    00000008     UNINITIALIZED
                  11801dfc    00000004     (.common:CodecDataIn)
                  11801e00    00000004     (.common:CodecDataOut)

CE0        0    c0000000    00000780     UNINITIALIZED
                  c0000000    00000780     ISRs_B.obj (CE0)

MODULE SUMMARY

       Module                       code   ro data   rw data
       ------                       ----   -------   -------
    .\
       LCDK_Support_DSP.obj         3552   24        4      
       ISRs_B.obj                   672    0         1948   
       vectors.obj                  512    0         0      
       StartUp.obj                  32     0         0      
       main.obj                     32     0         0      
    +--+----------------------------+------+---------+---------+
       Total:                       4800   24        1952   
                                                            
    C:/ti/ccs1020/ccs/tools/compiler/ti-cgt-c6000_8.3.8/lib/rts6740_elf.lib
       copy_decompress_rle.c.obj    288    0         0      
       exit.c.obj                   256    0         12     
       memset.c.obj                 224    0         0      
       autoinit.c.obj               192    0         0      
       divu.asm.obj                 192    0         0      
       tls.c.obj                    192    0         0      
       memcpy64.asm.obj             160    0         0      
       boot.c.obj                   128    0         0      
       args_main.c.obj              64     0         0      
       copy_decompress_none.c.obj   32     0         0      
       pre_init.c.obj               32     0         0      
       startup.c.obj                32     0         0      
    +--+----------------------------+------+---------+---------+
       Total:                       1792   0         12     
                                                            
       Stack:                       0      0         1024   
       Linker Generated:            0      104       0      
    +--+----------------------------+------+---------+---------+
       Grand Total:                 6592   128       2988   


LINKER GENERATED COPY TABLES

__TI_cinit_table @ 11801e48 records: 5, size/record: 8, table size: 40
	.neardata: load addr=11801e08, load size=0000000e bytes, run addr=11801df0, run size=0000000c bytes, compression=rle
	.fardata: load addr=11801e16, load size=0000000d bytes, run addr=11801de4, run size=0000000c bytes, compression=rle
	CE0: load addr=11801e23, load size=0000000b bytes, run addr=c0000000, run size=00000780 bytes, compression=rle
	.bss: load addr=11801e2e, load size=00000009 bytes, run addr=11801dd8, run size=0000000c bytes, compression=rle
	.far: load addr=11801e37, load size=00000009 bytes, run addr=11801dfc, run size=00000008 bytes, compression=rle


LINKER GENERATED HANDLER TABLE

__TI_handler_table @ 11801e40 records: 2, size/record: 4, table size: 8
	index: 0, handler: __TI_decompress_rle24
	index: 1, handler: __TI_decompress_none


GLOBAL SYMBOLS: SORTED ALPHABETICALLY BY Name 

address   name                           
-------   ----                           
118008f8  AIC3106_write_reg              
11801940  C$$EXIT                        
11800694  CheckForOverrun                
11801dfc  CodecDataIn                    
11801e00  CodecDataOut                   
11800fe0  Codec_ISR                      
1180020c  DSP_Init                       
1180022c  DSP_Init_EDMA                  
1180042c  EnableInterrupts               
11800484  EnableInterrupts_EDMA          
11800200  GetSampleFreq                  
118003c4  InitDigitalOutputs             
1180024c  InitLEDs                       
118006c0  Init_AIC3106                   
118004f4  Init_I2C                       
118003f0  Init_Interrupts                
1180046c  Init_Interrupts_EDMA           
11800ab4  Init_McASP0                    
11800e34  Init_UART2                     
11800f70  IsDataReady_UART2              
11800fa0  IsTxReady_UART2                
11800f0c  Puts_UART2                     
1180064c  ReadCodecData                  
118003a8  ReadSwitches                   
11800f4c  Read_UART2                     
11800938  Reset_AIC3106                  
11800544  Reset_I2C                      
11800964  SetSampleRate_AIC3106          
118018e0  StartUp                        
1180066c  WriteCodecData                 
118003d0  WriteDigitalOutputs            
118002c0  WriteLEDs                      
11800568  Write_I2C                      
11800ee0  Write_UART2                    
11801840  ZeroBuffer                     
11801e48  __TI_CINIT_Base                
11801e70  __TI_CINIT_Limit               
11801e40  __TI_Handler_Table_Base        
11801e48  __TI_Handler_Table_Limit       
11801dc0  __TI_STACK_END                 
00000400  __TI_STACK_SIZE                
11801dd8  __TI_STATIC_BASE               
UNDEFED   __TI_TLS_INIT_Base             
UNDEFED   __TI_TLS_INIT_Limit            
118014e0  __TI_auto_init_nobinit_nopinit 
11801de4  __TI_cleanup_ptr               
11801960  __TI_decompress_none           
11801980  __TI_decompress_rle24          
11801de8  __TI_dtors_ptr                 
11801dec  __TI_enable_exit_profile_output
ffffffff  __TI_pprof_out_hndl            
ffffffff  __TI_prof_data_size            
ffffffff  __TI_prof_data_start           
11801660  __TI_tls_init                  
ffffffff  __binit__                      
118015a0  __c6xabi_divu                  
ffffffff  __c_args__                     
118015a0  __divu                         
118018a0  _args_main                     
118017c0  _c_int00                       
118019c0  _stack                         
11801900  _system_post_cinit             
11801920  _system_pre_init               
11801940  abort                          
ffffffff  binit                          
c0000000  buffer                         
11801320  exit                           
11801df4  gain                           
118019a0  main                           
11801720  memcpy                         
11801400  memset                         
11801df0  oldest                         
118004c4  wait                           
11801dd8  xLeft                          
11801ddc  xRight                         
11801de0  yLeft                          


GLOBAL SYMBOLS: SORTED BY Symbol Address 

address   name                           
-------   ----                           
00000400  __TI_STACK_SIZE                
11800200  GetSampleFreq                  
1180020c  DSP_Init                       
1180022c  DSP_Init_EDMA                  
1180024c  InitLEDs                       
118002c0  WriteLEDs                      
118003a8  ReadSwitches                   
118003c4  InitDigitalOutputs             
118003d0  WriteDigitalOutputs            
118003f0  Init_Interrupts                
1180042c  EnableInterrupts               
1180046c  Init_Interrupts_EDMA           
11800484  EnableInterrupts_EDMA          
118004c4  wait                           
118004f4  Init_I2C                       
11800544  Reset_I2C                      
11800568  Write_I2C                      
1180064c  ReadCodecData                  
1180066c  WriteCodecData                 
11800694  CheckForOverrun                
118006c0  Init_AIC3106                   
118008f8  AIC3106_write_reg              
11800938  Reset_AIC3106                  
11800964  SetSampleRate_AIC3106          
11800ab4  Init_McASP0                    
11800e34  Init_UART2                     
11800ee0  Write_UART2                    
11800f0c  Puts_UART2                     
11800f4c  Read_UART2                     
11800f70  IsDataReady_UART2              
11800fa0  IsTxReady_UART2                
11800fe0  Codec_ISR                      
11801320  exit                           
11801400  memset                         
118014e0  __TI_auto_init_nobinit_nopinit 
118015a0  __c6xabi_divu                  
118015a0  __divu                         
11801660  __TI_tls_init                  
11801720  memcpy                         
118017c0  _c_int00                       
11801840  ZeroBuffer                     
118018a0  _args_main                     
118018e0  StartUp                        
11801900  _system_post_cinit             
11801920  _system_pre_init               
11801940  C$$EXIT                        
11801940  abort                          
11801960  __TI_decompress_none           
11801980  __TI_decompress_rle24          
118019a0  main                           
118019c0  _stack                         
11801dc0  __TI_STACK_END                 
11801dd8  __TI_STATIC_BASE               
11801dd8  xLeft                          
11801ddc  xRight                         
11801de0  yLeft                          
11801de4  __TI_cleanup_ptr               
11801de8  __TI_dtors_ptr                 
11801dec  __TI_enable_exit_profile_output
11801df0  oldest                         
11801df4  gain                           
11801dfc  CodecDataIn                    
11801e00  CodecDataOut                   
11801e40  __TI_Handler_Table_Base        
11801e48  __TI_CINIT_Base                
11801e48  __TI_Handler_Table_Limit       
11801e70  __TI_CINIT_Limit               
c0000000  buffer                         
ffffffff  __TI_pprof_out_hndl            
ffffffff  __TI_prof_data_size            
ffffffff  __TI_prof_data_start           
ffffffff  __binit__                      
ffffffff  __c_args__                     
ffffffff  binit                          
UNDEFED   __TI_TLS_INIT_Base             
UNDEFED   __TI_TLS_INIT_Limit            

[76 symbols]
